2026-04-23 09:14:56 [main] INFO  c.d.i.InteractionMockServiceApplication - Starting InteractionMockServiceApplication using Java 21.0.8 with PID 7556 (D:\hansol-repository\interaction-mock-service\interaction-mock-service\target\classes started by Hansol in D:\hansol-repository\interaction-mock-service)
2026-04-23 09:14:56 [main] INFO  c.d.i.InteractionMockServiceApplication - No active profile set, falling back to 1 default profile: "default"
2026-04-23 09:14:57 [main] INFO  o.s.d.r.c.RepositoryConfigurationDelegate - Multiple Spring Data modules found, entering strict repository configuration mode
2026-04-23 09:14:57 [main] INFO  o.s.d.r.c.RepositoryConfigurationDelegate - Bootstrapping Spring Data Redis repositories in DEFAULT mode.
2026-04-23 09:14:57 [main] INFO  o.s.d.r.c.RepositoryConfigurationDelegate - Finished Spring Data repository scanning in 11 ms. Found 0 Redis repository interfaces.
2026-04-23 09:14:57 [main] INFO  o.s.b.w.e.tomcat.TomcatWebServer - Tomcat initialized with port 6455 (http)
2026-04-23 09:14:57 [main] INFO  o.a.catalina.core.StandardService - Starting service [Tomcat]
2026-04-23 09:14:57 [main] INFO  o.a.catalina.core.StandardEngine - Starting Servlet engine: [Apache Tomcat/10.1.48]
2026-04-23 09:14:57 [main] INFO  o.a.c.c.C.[Tomcat].[localhost].[/] - Initializing Spring embedded WebApplicationContext
2026-04-23 09:14:57 [main] INFO  o.s.b.w.s.c.ServletWebServerApplicationContext - Root WebApplicationContext: initialization completed in 1035 ms
2026-04-23 09:14:58 [main] INFO  o.s.b.w.e.tomcat.TomcatWebServer - Tomcat started on port 6455 (http) with context path '/'
2026-04-23 09:14:58 [main] INFO  c.d.i.InteractionMockServiceApplication - Started InteractionMockServiceApplication in 2.179 seconds (process running for 2.9)
2026-04-23 09:46:00 [SpringApplicationShutdownHook] INFO  o.s.b.w.e.tomcat.GracefulShutdown - Commencing graceful shutdown. Waiting for active requests to complete
2026-04-23 09:46:00 [tomcat-shutdown] INFO  o.s.b.w.e.tomcat.GracefulShutdown - Graceful shutdown complete
2026-04-23 09:46:04 [main] INFO  c.d.i.InteractionMockServiceApplication - Starting InteractionMockServiceApplication using Java 21.0.8 with PID 20420 (D:\hansol-repository\interaction-mock-service\interaction-mock-service\target\classes started by Hansol in D:\hansol-repository\interaction-mock-service)
2026-04-23 09:46:04 [main] INFO  c.d.i.InteractionMockServiceApplication - No active profile set, falling back to 1 default profile: "default"
2026-04-23 09:46:04 [main] INFO  o.s.d.r.c.RepositoryConfigurationDelegate - Multiple Spring Data modules found, entering strict repository configuration mode
2026-04-23 09:46:04 [main] INFO  o.s.d.r.c.RepositoryConfigurationDelegate - Bootstrapping Spring Data Redis repositories in DEFAULT mode.
2026-04-23 09:46:04 [main] INFO  o.s.d.r.c.RepositoryConfigurationDelegate - Finished Spring Data repository scanning in 12 ms. Found 0 Redis repository interfaces.
2026-04-23 09:46:05 [main] INFO  o.s.b.w.e.tomcat.TomcatWebServer - Tomcat initialized with port 6455 (http)
2026-04-23 09:46:05 [main] INFO  o.a.catalina.core.StandardService - Starting service [Tomcat]
2026-04-23 09:46:05 [main] INFO  o.a.catalina.core.StandardEngine - Starting Servlet engine: [Apache Tomcat/10.1.48]
2026-04-23 09:46:05 [main] INFO  o.a.c.c.C.[Tomcat].[localhost].[/] - Initializing Spring embedded WebApplicationContext
2026-04-23 09:46:05 [main] INFO  o.s.b.w.s.c.ServletWebServerApplicationContext - Root WebApplicationContext: initialization completed in 869 ms
2026-04-23 09:46:05 [main] INFO  o.s.b.w.e.tomcat.TomcatWebServer - Tomcat started on port 6455 (http) with context path '/'
2026-04-23 09:46:05 [main] INFO  c.d.i.InteractionMockServiceApplication - Started InteractionMockServiceApplication in 1.954 seconds (process running for 2.442)
2026-04-23 09:47:59 [http-nio-6455-exec-1] INFO  o.a.c.c.C.[Tomcat].[localhost].[/] - Initializing Spring DispatcherServlet 'dispatcherServlet'
2026-04-23 09:48:00 [http-nio-6455-exec-1] INFO  c.d.i.c.MockAgentLoginController - 로그인 요청AgentLoginRequest[messageType=AgentLoginRequest, requestId=8829-1776905279720, webSocketSessionId=fbcd7079-925c-fadf-52da-ae84a8f1feb2, tenantKey=null, tenantId=2, agentKey=null, agentId=8829, extensionNumberKey=null, extensionNumber=8829, loginType=null, pbxId=null]
2026-04-23 09:48:59 [http-nio-6455-exec-2] INFO  c.d.i.c.MockAgentLoginController - 로그인 요청AgentLoginRequest[messageType=AgentLoginRequest, requestId=8829-1776905339154, webSocketSessionId=7e3808d6-9817-bbee-3403-8d1a3ed447ee, tenantKey=null, tenantId=2, agentKey=null, agentId=8829, extensionNumberKey=null, extensionNumber=8829, loginType=null, pbxId=null]
2026-04-23 09:49:08 [http-nio-6455-exec-3] INFO  c.d.i.c.MockAgentLogoutController - 로그아웃 요청AgentLogoutRequest[messageType=AgentLogoutRequest, requestId=SYSTEM, webSocketSessionId=fbcd7079-925c-fadf-52da-ae84a8f1feb2, tenantKey=null, tenantId=2, agentKey=null, agentId=8829, extensionNumberKey=null, extensionNumber=8829, isAgentTarget=false, targetAgentId=null, targetExtensionNumber=null, loginType=null, pbxId=null]
2026-04-23 09:49:13 [http-nio-6455-exec-4] INFO  c.d.i.c.MockAgentLogoutController - 로그아웃 요청AgentLogoutRequest[messageType=AgentLogoutRequest, requestId=SYSTEM, webSocketSessionId=7e3808d6-9817-bbee-3403-8d1a3ed447ee, tenantKey=null, tenantId=2, agentKey=null, agentId=8829, extensionNumberKey=null, extensionNumber=8829, isAgentTarget=false, targetAgentId=null, targetExtensionNumber=null, loginType=null, pbxId=null]
2026-04-23 09:51:32 [SpringApplicationShutdownHook] INFO  o.s.b.w.e.tomcat.GracefulShutdown - Commencing graceful shutdown. Waiting for active requests to complete
2026-04-23 09:51:32 [tomcat-shutdown] INFO  o.s.b.w.e.tomcat.GracefulShutdown - Graceful shutdown complete
2026-04-23 09:51:37 [main] INFO  c.d.i.InteractionMockServiceApplication - Starting InteractionMockServiceApplication using Java 21.0.8 with PID 18156 (D:\hansol-repository\interaction-mock-service\interaction-mock-service\target\classes started by Hansol in D:\hansol-repository\interaction-mock-service)
2026-04-23 09:51:37 [main] INFO  c.d.i.InteractionMockServiceApplication - No active profile set, falling back to 1 default profile: "default"
2026-04-23 09:51:37 [main] INFO  o.s.d.r.c.RepositoryConfigurationDelegate - Multiple Spring Data modules found, entering strict repository configuration mode
2026-04-23 09:51:37 [main] INFO  o.s.d.r.c.RepositoryConfigurationDelegate - Bootstrapping Spring Data Redis repositories in DEFAULT mode.
2026-04-23 09:51:37 [main] INFO  o.s.d.r.c.RepositoryConfigurationDelegate - Finished Spring Data repository scanning in 14 ms. Found 0 Redis repository interfaces.
2026-04-23 09:51:38 [main] INFO  o.s.b.w.e.tomcat.TomcatWebServer - Tomcat initialized with port 6455 (http)
2026-04-23 09:51:38 [main] INFO  o.a.catalina.core.StandardService - Starting service [Tomcat]
2026-04-23 09:51:38 [main] INFO  o.a.catalina.core.StandardEngine - Starting Servlet engine: [Apache Tomcat/10.1.48]
2026-04-23 09:51:38 [main] INFO  o.a.c.c.C.[Tomcat].[localhost].[/] - Initializing Spring embedded WebApplicationContext
2026-04-23 09:51:38 [main] INFO  o.s.b.w.s.c.ServletWebServerApplicationContext - Root WebApplicationContext: initialization completed in 913 ms
2026-04-23 09:51:39 [main] INFO  o.s.b.w.e.tomcat.TomcatWebServer - Tomcat started on port 6455 (http) with context path '/'
2026-04-23 09:51:39 [main] INFO  c.d.i.InteractionMockServiceApplication - Started InteractionMockServiceApplication in 2.174 seconds (process running for 2.658)
2026-04-23 09:52:02 [http-nio-6455-exec-1] INFO  o.a.c.c.C.[Tomcat].[localhost].[/] - Initializing Spring DispatcherServlet 'dispatcherServlet'
2026-04-23 09:52:03 [http-nio-6455-exec-1] INFO  c.d.i.c.MockAgentLoginController - 로그인 요청AgentLoginRequest[messageType=AgentLoginRequest, requestId=8829-1776905522874, webSocketSessionId=f558a22b-3892-aaeb-1788-3d89fc2c331d, tenantKey=null, tenantId=2, agentKey=null, agentId=8829, extensionNumberKey=null, extensionNumber=8829, loginType=null, pbxId=null]
2026-04-23 09:53:04 [http-nio-6455-exec-3] INFO  c.d.i.c.MockAgentLoginController - 로그인 요청AgentLoginRequest[messageType=AgentLoginRequest, requestId=8829-1776905584078, webSocketSessionId=4c3b8d7f-8eb3-c375-b40e-a69e3c5d7608, tenantKey=null, tenantId=2, agentKey=null, agentId=8829, extensionNumberKey=null, extensionNumber=8829, loginType=null, pbxId=null]
2026-04-23 09:53:59 [http-nio-6455-exec-4] INFO  c.d.i.c.MockAgentLoginController - 로그인 요청AgentLoginRequest[messageType=AgentLoginRequest, requestId=8829-1776905639351, webSocketSessionId=cb888a50-115e-3a33-af57-75a8da64cf5f, tenantKey=null, tenantId=2, agentKey=null, agentId=8829, extensionNumberKey=null, extensionNumber=8829, loginType=null, pbxId=null]
2026-04-23 09:59:41 [http-nio-6455-exec-6] INFO  c.d.i.c.MockAgentLoginController - 로그인 요청AgentLoginRequest[messageType=AgentLoginRequest, requestId=8829-1776905981469, webSocketSessionId=8b3add4b-f4a2-9451-30f8-39bb3bdedcd5, tenantKey=null, tenantId=2, agentKey=null, agentId=8829, extensionNumberKey=null, extensionNumber=8829, loginType=null, pbxId=null]
2026-04-23 09:59:41 [http-nio-6455-exec-7] INFO  c.d.i.c.MockAgentStateController - AUX 상태 변경 요청: AgentAuxRequest[agentId=8829, tenantId=2, webSocketSessionId=8b3add4b-f4a2-9451-30f8-39bb3bdedcd5, tenantKey=null, messageType=AgentAuxRequest, requestId=8829-1776905981507, agentKey=null, extensionNumber=8829, reasonCode=1, isAgentTarget=false, pbxId=null, extensionNumberKey=null]
2026-04-23 10:00:33 [http-nio-6455-exec-8] INFO  c.d.i.c.MockAgentLoginController - 로그인 요청AgentLoginRequest[messageType=AgentLoginRequest, requestId=8829-1776906033230, webSocketSessionId=267f5b00-cf47-99b2-b298-328b9136ab4c, tenantKey=null, tenantId=2, agentKey=null, agentId=8829, extensionNumberKey=null, extensionNumber=8829, loginType=null, pbxId=null]
2026-04-23 10:01:33 [http-nio-6455-exec-10] INFO  c.d.i.c.MockAgentLoginController - 로그인 요청AgentLoginRequest[messageType=AgentLoginRequest, requestId=8829-1776906093853, webSocketSessionId=adc7cc8d-7e82-ee9f-1acd-e2715ca6a67a, tenantKey=null, tenantId=2, agentKey=null, agentId=8829, extensionNumberKey=null, extensionNumber=8829, loginType=null, pbxId=null]
2026-04-23 10:02:32 [http-nio-6455-exec-1] INFO  c.d.i.c.MockAgentLoginController - 로그인 요청AgentLoginRequest[messageType=AgentLoginRequest, requestId=8829-1776906152783, webSocketSessionId=de2fe7d6-490f-8ee7-0bda-947833ae95bc, tenantKey=null, tenantId=2, agentKey=null, agentId=8829, extensionNumberKey=null, extensionNumber=8829, loginType=null, pbxId=null]
2026-04-23 10:06:37 [http-nio-6455-exec-3] INFO  c.d.i.c.MockAgentLoginController - 로그인 요청AgentLoginRequest[messageType=AgentLoginRequest, requestId=8829-1776906397463, webSocketSessionId=96b5bef1-4505-e25d-78fb-a129c31b3889, tenantKey=null, tenantId=2, agentKey=null, agentId=8829, extensionNumberKey=null, extensionNumber=8829, loginType=null, pbxId=null]
2026-04-23 10:06:37 [http-nio-6455-exec-4] INFO  c.d.i.c.MockMakeCallController - 아웃바운드 요청: CallMakeRequest[messageType=MakeCallRequest, requestId=1776906397517-0.029602492947849075, webSocketSessionId=96b5bef1-4505-e25d-78fb-a129c31b3889, tenantKey=null, tenantId=2, agentKey=null, agentId=8829, extensionNumberKey=null, extensionNumber=8829, destination=901066106618, pbxId=null]
2026-04-23 10:06:37 [task-10] INFO  c.d.i.s.AsyncMakeCallEventPublisher - [MOCK] CallCleared 랜덤 딜레이: 23초
2026-04-23 10:07:31 [http-nio-6455-exec-5] INFO  c.d.i.c.MockAgentLoginController - 로그인 요청AgentLoginRequest[messageType=AgentLoginRequest, requestId=8829-1776906451294, webSocketSessionId=84f3ab58-f90c-b031-7a00-e03518db62da, tenantKey=null, tenantId=2, agentKey=null, agentId=8829, extensionNumberKey=null, extensionNumber=8829, loginType=null, pbxId=null]
2026-04-23 10:07:31 [http-nio-6455-exec-6] INFO  c.d.i.c.MockMakeCallController - 아웃바운드 요청: CallMakeRequest[messageType=MakeCallRequest, requestId=1776906451320-0.13567584252716536, webSocketSessionId=84f3ab58-f90c-b031-7a00-e03518db62da, tenantKey=null, tenantId=2, agentKey=null, agentId=8829, extensionNumberKey=null, extensionNumber=8829, destination=901066106618, pbxId=null]
2026-04-23 10:07:31 [task-12] INFO  c.d.i.s.AsyncMakeCallEventPublisher - [MOCK] CallCleared 랜덤 딜레이: 21초
2026-04-23 10:08:36 [http-nio-6455-exec-8] INFO  c.d.i.c.MockAgentLoginController - 로그인 요청AgentLoginRequest[messageType=AgentLoginRequest, requestId=8829-1776906516935, webSocketSessionId=1f53d78b-43dd-2e68-6350-2c721b18310e, tenantKey=null, tenantId=2, agentKey=null, agentId=8829, extensionNumberKey=null, extensionNumber=8829, loginType=null, pbxId=null]
2026-04-23 10:08:36 [http-nio-6455-exec-9] INFO  c.d.i.c.MockMakeCallController - 아웃바운드 요청: CallMakeRequest[messageType=MakeCallRequest, requestId=1776906516979-0.8294777326231427, webSocketSessionId=1f53d78b-43dd-2e68-6350-2c721b18310e, tenantKey=null, tenantId=2, agentKey=null, agentId=8829, extensionNumberKey=null, extensionNumber=8829, destination=901066106618, pbxId=null]
2026-04-23 10:08:37 [task-14] INFO  c.d.i.s.AsyncMakeCallEventPublisher - [MOCK] CallCleared 랜덤 딜레이: 14초
2026-04-23 12:59:45 [SpringApplicationShutdownHook] INFO  o.s.b.w.e.tomcat.GracefulShutdown - Commencing graceful shutdown. Waiting for active requests to complete
2026-04-23 12:59:45 [tomcat-shutdown] INFO  o.s.b.w.e.tomcat.GracefulShutdown - Graceful shutdown complete
